// Jest Snapshot v1, https://goo.gl/fbAQLP

exports[`<HeroCard /> should render the hero card styles correct 1`] = `
.c7 {
  display: inline-block;
  vertical-align: middle;
  overflow: hidden;
}

.c0 {
  width: 100%;
  height: 31.5rem;
  background-color: #FFF;
  display: -webkit-box;
  display: -webkit-flex;
  display: -ms-flexbox;
  display: flex;
  -webkit-flex-direction: column;
  -ms-flex-direction: column;
  flex-direction: column;
  overflow: hidden;
  position: relative;
}

.c0::after {
  content: '';
  position: absolute;
  bottom: 0;
  right: 0;
  border-width: 12px;
  border-style: solid;
  border-bottom-color: #202020;
  border-right-color: #202020;
  border-top-color: transparent;
  border-left-color: transparent;
}

.c1 {
  width: 100%;
  height: 17rem;
  -webkit-flex-shrink: 0;
  -ms-flex-negative: 0;
  flex-shrink: 0;
  object-fit: cover;
}

.c2 {
  width: 100%;
  height: 100%;
  position: relative;
  padding: 1.2rem 0.8rem;
}

.c2::after {
  content: '';
  width: 100%;
  position: absolute;
  top: 0;
  right: 0;
  display: block;
  height: 4px;
  background-color: #E62429;
  -webkit-transition: height 0.2s;
  transition: height 0.2s;
  cursor: pointer;
}

.c2:hover::after {
  height: 100%;
}

.c2:hover .c5 {
  color: #FFF;
  cursor: pointer;
}

.c2:hover .c3 {
  color: #FFF !important;
  pointer-events: none;
}

.c6 {
  width: 2.4rem;
  height: 2.4rem;
  color: #E62429;
  position: absolute;
  bottom: 2.4rem;
  right: 2.4rem;
  cursor: pointer;
  z-index: 10;
}

.c6 * {
  cursor: pointer;
}

.c4 {
  position: relative;
  font-size: 1.2rem;
  font-weight: 700;
  color: #202020;
  text-transform: uppercase;
  z-index: 10;
}

<div
  class="c0"
>
  <img
    alt="Iron man"
    class="c1"
    src="http://i.annihil.us/u/prod/marvel/i/mg/9/c0/527bb7b37ff55.jpg"
  />
  <div
    class="c2"
  >
    <h3
      class="c3 c4"
    >
      Iron man
    </h3>
    <div
      class="c5 c6"
    >
      <svg
        aria-hidden="true"
        aria-label="Add hero to favorites"
        class="c7"
        fill="currentColor"
        focusable="false"
        viewBox="0 0 24 24"
        xmlns="http://www.w3.org/2000/svg"
      >
        <path
          d="M0 0h24v24H0z"
          fill="none"
        />
        <path
          d="M12 21.35l-1.45-1.32C5.4 15.36 2 12.28 2 8.5 2 5.42 4.42 3 7.5 3c1.74 0 3.41.81 4.5 2.09C13.09 3.81 14.76 3 16.5 3 19.58 3 22 5.42 22 8.5c0 3.78-3.4 6.86-8.55 11.54L12 21.35z"
        />
      </svg>
    </div>
  </div>
</div>
`;
