// Jest Snapshot v1, https://goo.gl/fbAQLP

exports[`<Loading /> should render the Loading 1`] = `
.c0 {
  display: -webkit-box;
  display: -webkit-flex;
  display: -ms-flexbox;
  display: flex;
  -webkit-align-items: center;
  -webkit-box-align: center;
  -ms-flex-align: center;
  align-items: center;
  -webkit-box-pack: center;
  -webkit-justify-content: center;
  -ms-flex-pack: center;
  justify-content: center;
}

.c2 {
  position: relative;
  top: 1.5rem;
  height: 2.4rem;
  width: 2.4rem;
  border-radius: 10rem;
  background-color: #C6A972;
  -webkit-animation: wave 0.6s ease-in alternate infinite;
  animation: wave 0.6s ease-in alternate infinite;
}

.c1 + .c1 {
  margin-left: 1.2rem;
}

.c2:nth-child(2) {
  -webkit-animation-delay: 0.2s;
  animation-delay: 0.2s;
}

.c2:nth-child(3) {
  -webkit-animation-delay: 0.4s;
  animation-delay: 0.4s;
}

.c2:nth-child(4) {
  -webkit-animation-delay: 0.6s;
  animation-delay: 0.6s;
}

<div
  class="c0"
>
  <span
    class="c1 c2"
  />
  <span
    class="c1 c2"
  />
  <span
    class="c1 c2"
  />
  <span
    class="c1 c2"
  />
</div>
`;
